Archive member included to satisfy reference by file (symbol)

c:/program files (x86)/atmel/studio/7.0/toolchain/avr8/avr8-gnu-toolchain/bin/../lib/gcc/avr/5.4.0/avr6\libgcc.a(_exit.o)
                              C:/Program Files (x86)/Atmel/Studio/7.0/Packs/atmel/ATmega_DFP/1.7.374/gcc/dev/atmega2560/avr6/crtatmega2560.o (exit)
c:/program files (x86)/atmel/studio/7.0/toolchain/avr8/avr8-gnu-toolchain/bin/../lib/gcc/avr/5.4.0/avr6\libgcc.a(_tablejump2.o)
                              01 - MCAL/1 - GPIO_DRIVER/GPIO_program.o (__tablejump2__)
c:/program files (x86)/atmel/studio/7.0/toolchain/avr8/avr8-gnu-toolchain/bin/../lib/gcc/avr/5.4.0/avr6\libgcc.a(_copy_data.o)
                              02 - HAL/2 - SEVEN_SEG_DRIVER/7SEG_program.o (__do_copy_data)
c:/program files (x86)/atmel/studio/7.0/toolchain/avr8/avr8-gnu-toolchain/bin/../lib/gcc/avr/5.4.0/avr6\libgcc.a(_clear_bss.o)
                              01 - MCAL/3 - EXTI_DRIVER/EXTI_program.o (__do_clear_bss)

Discarded input sections

 .data          0x00000000        0x0 C:/Program Files (x86)/Atmel/Studio/7.0/Packs/atmel/ATmega_DFP/1.7.374/gcc/dev/atmega2560/avr6/crtatmega2560.o
 .bss           0x00000000        0x0 C:/Program Files (x86)/Atmel/Studio/7.0/Packs/atmel/ATmega_DFP/1.7.374/gcc/dev/atmega2560/avr6/crtatmega2560.o
 .text          0x00000000        0x0 01 - MCAL/1 - GPIO_DRIVER/GPIO_program.o
 .data          0x00000000        0x0 01 - MCAL/1 - GPIO_DRIVER/GPIO_program.o
 .bss           0x00000000        0x0 01 - MCAL/1 - GPIO_DRIVER/GPIO_program.o
 .text.MGPIO_VoidGetPortValue
                0x00000000       0x12 01 - MCAL/1 - GPIO_DRIVER/GPIO_program.o
 .text.MGPIO_VoidGetPinValue
                0x00000000       0x26 01 - MCAL/1 - GPIO_DRIVER/GPIO_program.o
 .text.MGPIO_VoidTogglePinValue
                0x00000000       0x26 01 - MCAL/1 - GPIO_DRIVER/GPIO_program.o
 .text          0x00000000        0x0 01 - MCAL/2 - GIE_DRIVER/GIE_program.o
 .data          0x00000000        0x0 01 - MCAL/2 - GIE_DRIVER/GIE_program.o
 .bss           0x00000000        0x0 01 - MCAL/2 - GIE_DRIVER/GIE_program.o
 .text.GIE_voidDisable
                0x00000000        0x8 01 - MCAL/2 - GIE_DRIVER/GIE_program.o
 .text          0x00000000        0x0 01 - MCAL/3 - EXTI_DRIVER/EXTI_program.o
 .data          0x00000000        0x0 01 - MCAL/3 - EXTI_DRIVER/EXTI_program.o
 .bss           0x00000000        0x0 01 - MCAL/3 - EXTI_DRIVER/EXTI_program.o
 .text.MEXTI_voidDisable
                0x00000000       0x18 01 - MCAL/3 - EXTI_DRIVER/EXTI_program.o
 .text.MEXTI_voidEnablePCINT
                0x00000000       0x72 01 - MCAL/3 - EXTI_DRIVER/EXTI_program.o
 .text.MEXTI_voidDisablePCINT
                0x00000000       0x74 01 - MCAL/3 - EXTI_DRIVER/EXTI_program.o
 .text.MEXTI_voidSetCallbackPCINT
                0x00000000       0x12 01 - MCAL/3 - EXTI_DRIVER/EXTI_program.o
 .text          0x00000000        0x0 01 - MCAL/4 - UART_DRIVER/UART_program.o
 .data          0x00000000        0x0 01 - MCAL/4 - UART_DRIVER/UART_program.o
 .bss           0x00000000        0x0 01 - MCAL/4 - UART_DRIVER/UART_program.o
 .text          0x00000000        0x0 02 - HAL/1 - LED_DRIVER/LED_program.o
 .data          0x00000000        0x0 02 - HAL/1 - LED_DRIVER/LED_program.o
 .bss           0x00000000        0x0 02 - HAL/1 - LED_DRIVER/LED_program.o
 .text.HLED_Void_LEDState
                0x00000000        0xc 02 - HAL/1 - LED_DRIVER/LED_program.o
 .text          0x00000000        0x0 02 - HAL/2 - SEVEN_SEG_DRIVER/7SEG_program.o
 .data          0x00000000        0x0 02 - HAL/2 - SEVEN_SEG_DRIVER/7SEG_program.o
 .bss           0x00000000        0x0 02 - HAL/2 - SEVEN_SEG_DRIVER/7SEG_program.o
 .text          0x00000000        0x0 02 - HAL/3 - SWITCH_DRIVER/SWITCH_program.o
 .data          0x00000000        0x0 02 - HAL/3 - SWITCH_DRIVER/SWITCH_program.o
 .bss           0x00000000        0x0 02 - HAL/3 - SWITCH_DRIVER/SWITCH_program.o
 .text          0x00000000        0x0 03 - APP/main.o
 .data          0x00000000        0x0 03 - APP/main.o
 .bss           0x00000000        0x0 03 - APP/main.o
 .text          0x00000000        0x0 c:/program files (x86)/atmel/studio/7.0/toolchain/avr8/avr8-gnu-toolchain/bin/../lib/gcc/avr/5.4.0/avr6\libgcc.a(_exit.o)
 .data          0x00000000        0x0 c:/program files (x86)/atmel/studio/7.0/toolchain/avr8/avr8-gnu-toolchain/bin/../lib/gcc/avr/5.4.0/avr6\libgcc.a(_exit.o)
 .bss           0x00000000        0x0 c:/program files (x86)/atmel/studio/7.0/toolchain/avr8/avr8-gnu-toolchain/bin/../lib/gcc/avr/5.4.0/avr6\libgcc.a(_exit.o)
 .text.libgcc.mul
                0x00000000        0x0 c:/program files (x86)/atmel/studio/7.0/toolchain/avr8/avr8-gnu-toolchain/bin/../lib/gcc/avr/5.4.0/avr6\libgcc.a(_exit.o)
 .text.libgcc.div
                0x00000000        0x0 c:/program files (x86)/atmel/studio/7.0/toolchain/avr8/avr8-gnu-toolchain/bin/../lib/gcc/avr/5.4.0/avr6\libgcc.a(_exit.o)
 .text.libgcc   0x00000000        0x0 c:/program files (x86)/atmel/studio/7.0/toolchain/avr8/avr8-gnu-toolchain/bin/../lib/gcc/avr/5.4.0/avr6\libgcc.a(_exit.o)
 .text.libgcc.prologue
                0x00000000        0x0 c:/program files (x86)/atmel/studio/7.0/toolchain/avr8/avr8-gnu-toolchain/bin/../lib/gcc/avr/5.4.0/avr6\libgcc.a(_exit.o)
 .text.libgcc.builtins
                0x00000000        0x0 c:/program files (x86)/atmel/studio/7.0/toolchain/avr8/avr8-gnu-toolchain/bin/../lib/gcc/avr/5.4.0/avr6\libgcc.a(_exit.o)
 .text.libgcc.fmul
                0x00000000        0x0 c:/program files (x86)/atmel/studio/7.0/toolchain/avr8/avr8-gnu-toolchain/bin/../lib/gcc/avr/5.4.0/avr6\libgcc.a(_exit.o)
 .text.libgcc.fixed
                0x00000000        0x0 c:/program files (x86)/atmel/studio/7.0/toolchain/avr8/avr8-gnu-toolchain/bin/../lib/gcc/avr/5.4.0/avr6\libgcc.a(_exit.o)
 .text          0x00000000        0x0 c:/program files (x86)/atmel/studio/7.0/toolchain/avr8/avr8-gnu-toolchain/bin/../lib/gcc/avr/5.4.0/avr6\libgcc.a(_tablejump2.o)
 .data          0x00000000        0x0 c:/program files (x86)/atmel/studio/7.0/toolchain/avr8/avr8-gnu-toolchain/bin/../lib/gcc/avr/5.4.0/avr6\libgcc.a(_tablejump2.o)
 .bss           0x00000000        0x0 c:/program files (x86)/atmel/studio/7.0/toolchain/avr8/avr8-gnu-toolchain/bin/../lib/gcc/avr/5.4.0/avr6\libgcc.a(_tablejump2.o)
 .text.libgcc.mul
                0x00000000        0x0 c:/program files (x86)/atmel/studio/7.0/toolchain/avr8/avr8-gnu-toolchain/bin/../lib/gcc/avr/5.4.0/avr6\libgcc.a(_tablejump2.o)
 .text.libgcc.div
                0x00000000        0x0 c:/program files (x86)/atmel/studio/7.0/toolchain/avr8/avr8-gnu-toolchain/bin/../lib/gcc/avr/5.4.0/avr6\libgcc.a(_tablejump2.o)
 .text.libgcc.prologue
                0x00000000        0x0 c:/program files (x86)/atmel/studio/7.0/toolchain/avr8/avr8-gnu-toolchain/bin/../lib/gcc/avr/5.4.0/avr6\libgcc.a(_tablejump2.o)
 .text.libgcc.builtins
                0x00000000        0x0 c:/program files (x86)/atmel/studio/7.0/toolchain/avr8/avr8-gnu-toolchain/bin/../lib/gcc/avr/5.4.0/avr6\libgcc.a(_tablejump2.o)
 .text.libgcc.fmul
                0x00000000        0x0 c:/program files (x86)/atmel/studio/7.0/toolchain/avr8/avr8-gnu-toolchain/bin/../lib/gcc/avr/5.4.0/avr6\libgcc.a(_tablejump2.o)
 .text.libgcc.fixed
                0x00000000        0x0 c:/program files (x86)/atmel/studio/7.0/toolchain/avr8/avr8-gnu-toolchain/bin/../lib/gcc/avr/5.4.0/avr6\libgcc.a(_tablejump2.o)
 .text          0x00000000        0x0 c:/program files (x86)/atmel/studio/7.0/toolchain/avr8/avr8-gnu-toolchain/bin/../lib/gcc/avr/5.4.0/avr6\libgcc.a(_copy_data.o)
 .data          0x00000000        0x0 c:/program files (x86)/atmel/studio/7.0/toolchain/avr8/avr8-gnu-toolchain/bin/../lib/gcc/avr/5.4.0/avr6\libgcc.a(_copy_data.o)
 .bss           0x00000000        0x0 c:/program files (x86)/atmel/studio/7.0/toolchain/avr8/avr8-gnu-toolchain/bin/../lib/gcc/avr/5.4.0/avr6\libgcc.a(_copy_data.o)
 .text.libgcc.mul
                0x00000000        0x0 c:/program files (x86)/atmel/studio/7.0/toolchain/avr8/avr8-gnu-toolchain/bin/../lib/gcc/avr/5.4.0/avr6\libgcc.a(_copy_data.o)
 .text.libgcc.div
                0x00000000        0x0 c:/program files (x86)/atmel/studio/7.0/toolchain/avr8/avr8-gnu-toolchain/bin/../lib/gcc/avr/5.4.0/avr6\libgcc.a(_copy_data.o)
 .text.libgcc   0x00000000        0x0 c:/program files (x86)/atmel/studio/7.0/toolchain/avr8/avr8-gnu-toolchain/bin/../lib/gcc/avr/5.4.0/avr6\libgcc.a(_copy_data.o)
 .text.libgcc.prologue
                0x00000000        0x0 c:/program files (x86)/atmel/studio/7.0/toolchain/avr8/avr8-gnu-toolchain/bin/../lib/gcc/avr/5.4.0/avr6\libgcc.a(_copy_data.o)
 .text.libgcc.builtins
                0x00000000        0x0 c:/program files (x86)/atmel/studio/7.0/toolchain/avr8/avr8-gnu-toolchain/bin/../lib/gcc/avr/5.4.0/avr6\libgcc.a(_copy_data.o)
 .text.libgcc.fmul
                0x00000000        0x0 c:/program files (x86)/atmel/studio/7.0/toolchain/avr8/avr8-gnu-toolchain/bin/../lib/gcc/avr/5.4.0/avr6\libgcc.a(_copy_data.o)
 .text.libgcc.fixed
                0x00000000        0x0 c:/program files (x86)/atmel/studio/7.0/toolchain/avr8/avr8-gnu-toolchain/bin/../lib/gcc/avr/5.4.0/avr6\libgcc.a(_copy_data.o)
 .text          0x00000000        0x0 c:/program files (x86)/atmel/studio/7.0/toolchain/avr8/avr8-gnu-toolchain/bin/../lib/gcc/avr/5.4.0/avr6\libgcc.a(_clear_bss.o)
 .data          0x00000000        0x0 c:/program files (x86)/atmel/studio/7.0/toolchain/avr8/avr8-gnu-toolchain/bin/../lib/gcc/avr/5.4.0/avr6\libgcc.a(_clear_bss.o)
 .bss           0x00000000        0x0 c:/program files (x86)/atmel/studio/7.0/toolchain/avr8/avr8-gnu-toolchain/bin/../lib/gcc/avr/5.4.0/avr6\libgcc.a(_clear_bss.o)
 .text.libgcc.mul
                0x00000000        0x0 c:/program files (x86)/atmel/studio/7.0/toolchain/avr8/avr8-gnu-toolchain/bin/../lib/gcc/avr/5.4.0/avr6\libgcc.a(_clear_bss.o)
 .text.libgcc.div
                0x00000000        0x0 c:/program files (x86)/atmel/studio/7.0/toolchain/avr8/avr8-gnu-toolchain/bin/../lib/gcc/avr/5.4.0/avr6\libgcc.a(_clear_bss.o)
 .text.libgcc   0x00000000        0x0 c:/program files (x86)/atmel/studio/7.0/toolchain/avr8/avr8-gnu-toolchain/bin/../lib/gcc/avr/5.4.0/avr6\libgcc.a(_clear_bss.o)
 .text.libgcc.prologue
                0x00000000        0x0 c:/program files (x86)/atmel/studio/7.0/toolchain/avr8/avr8-gnu-toolchain/bin/../lib/gcc/avr/5.4.0/avr6\libgcc.a(_clear_bss.o)
 .text.libgcc.builtins
                0x00000000        0x0 c:/program files (x86)/atmel/studio/7.0/toolchain/avr8/avr8-gnu-toolchain/bin/../lib/gcc/avr/5.4.0/avr6\libgcc.a(_clear_bss.o)
 .text.libgcc.fmul
                0x00000000        0x0 c:/program files (x86)/atmel/studio/7.0/toolchain/avr8/avr8-gnu-toolchain/bin/../lib/gcc/avr/5.4.0/avr6\libgcc.a(_clear_bss.o)
 .text.libgcc.fixed
                0x00000000        0x0 c:/program files (x86)/atmel/studio/7.0/toolchain/avr8/avr8-gnu-toolchain/bin/../lib/gcc/avr/5.4.0/avr6\libgcc.a(_clear_bss.o)

Memory Configuration

Name             Origin             Length             Attributes
text             0x00000000         0x00040000         xr
data             0x00800200         0x00002000         rw !x
eeprom           0x00810000         0x00001000         rw !x
fuse             0x00820000         0x00000003         rw !x
lock             0x00830000         0x00000400         rw !x
signature        0x00840000         0x00000400         rw !x
user_signatures  0x00850000         0x00000400         rw !x
*default*        0x00000000         0xffffffff

Linker script and memory map

Address of section .data set to 0x800200
LOAD C:/Program Files (x86)/Atmel/Studio/7.0/Packs/atmel/ATmega_DFP/1.7.374/gcc/dev/atmega2560/avr6/crtatmega2560.o
LOAD 01 - MCAL/1 - GPIO_DRIVER/GPIO_program.o
LOAD 01 - MCAL/2 - GIE_DRIVER/GIE_program.o
LOAD 01 - MCAL/3 - EXTI_DRIVER/EXTI_program.o
LOAD 01 - MCAL/4 - UART_DRIVER/UART_program.o
LOAD 02 - HAL/1 - LED_DRIVER/LED_program.o
LOAD 02 - HAL/2 - SEVEN_SEG_DRIVER/7SEG_program.o
LOAD 02 - HAL/3 - SWITCH_DRIVER/SWITCH_program.o
LOAD 03 - APP/main.o
START GROUP
LOAD c:/program files (x86)/atmel/studio/7.0/toolchain/avr8/avr8-gnu-toolchain/bin/../lib/gcc/avr/5.4.0/../../../../avr/lib/avr6\libm.a
END GROUP
START GROUP
LOAD c:/program files (x86)/atmel/studio/7.0/toolchain/avr8/avr8-gnu-toolchain/bin/../lib/gcc/avr/5.4.0/avr6\libgcc.a
LOAD c:/program files (x86)/atmel/studio/7.0/toolchain/avr8/avr8-gnu-toolchain/bin/../lib/gcc/avr/5.4.0/../../../../avr/lib/avr6\libm.a
LOAD c:/program files (x86)/atmel/studio/7.0/toolchain/avr8/avr8-gnu-toolchain/bin/../lib/gcc/avr/5.4.0/../../../../avr/lib/avr6\libc.a
LOAD C:/Program Files (x86)/Atmel/Studio/7.0/Packs/atmel/ATmega_DFP/1.7.374/gcc/dev/atmega2560/avr6\libatmega2560.a
END GROUP
                0x00000000                __TEXT_REGION_ORIGIN__ = DEFINED (__TEXT_REGION_ORIGIN__)?__TEXT_REGION_ORIGIN__:0x0
                [0x00800200]                __DATA_REGION_ORIGIN__ = DEFINED (__DATA_REGION_ORIGIN__)?__DATA_REGION_ORIGIN__:0x800200
                [0x00040000]                __TEXT_REGION_LENGTH__ = DEFINED (__TEXT_REGION_LENGTH__)?__TEXT_REGION_LENGTH__:0x100000
                [0x00002000]                __DATA_REGION_LENGTH__ = DEFINED (__DATA_REGION_LENGTH__)?__DATA_REGION_LENGTH__:0xfe00
                [0x00001000]                __EEPROM_REGION_LENGTH__ = DEFINED (__EEPROM_REGION_LENGTH__)?__EEPROM_REGION_LENGTH__:0x10000
                [0x00000003]                __FUSE_REGION_LENGTH__ = DEFINED (__FUSE_REGION_LENGTH__)?__FUSE_REGION_LENGTH__:0x400
                0x00000400                __LOCK_REGION_LENGTH__ = DEFINED (__LOCK_REGION_LENGTH__)?__LOCK_REGION_LENGTH__:0x400
                0x00000400                __SIGNATURE_REGION_LENGTH__ = DEFINED (__SIGNATURE_REGION_LENGTH__)?__SIGNATURE_REGION_LENGTH__:0x400
                0x00000400                __USER_SIGNATURE_REGION_LENGTH__ = DEFINED (__USER_SIGNATURE_REGION_LENGTH__)?__USER_SIGNATURE_REGION_LENGTH__:0x400

.hash
 *(.hash)

.dynsym
 *(.dynsym)

.dynstr
 *(.dynstr)

.gnu.version
 *(.gnu.version)

.gnu.version_d
 *(.gnu.version_d)

.gnu.version_r
 *(.gnu.version_r)

.rel.init
 *(.rel.init)

.rela.init
 *(.rela.init)

.rel.text
 *(.rel.text)
 *(.rel.text.*)
 *(.rel.gnu.linkonce.t*)

.rela.text
 *(.rela.text)
 *(.rela.text.*)
 *(.rela.gnu.linkonce.t*)

.rel.fini
 *(.rel.fini)

.rela.fini
 *(.rela.fini)

.rel.rodata
 *(.rel.rodata)
 *(.rel.rodata.*)
 *(.rel.gnu.linkonce.r*)

.rela.rodata
 *(.rela.rodata)
 *(.rela.rodata.*)
 *(.rela.gnu.linkonce.r*)

.rel.data
 *(.rel.data)
 *(.rel.data.*)
 *(.rel.gnu.linkonce.d*)

.rela.data
 *(.rela.data)
 *(.rela.data.*)
 *(.rela.gnu.linkonce.d*)

.rel.ctors
 *(.rel.ctors)

.rela.ctors
 *(.rela.ctors)

.rel.dtors
 *(.rel.dtors)

.rela.dtors
 *(.rela.dtors)

.rel.got
 *(.rel.got)

.rela.got
 *(.rela.got)

.rel.bss
 *(.rel.bss)

.rela.bss
 *(.rela.bss)

.rel.plt
 *(.rel.plt)

.rela.plt
 *(.rela.plt)

.text           0x00000000      0x9ca
 *(.vectors)
 .vectors       0x00000000       0xe4 C:/Program Files (x86)/Atmel/Studio/7.0/Packs/atmel/ATmega_DFP/1.7.374/gcc/dev/atmega2560/avr6/crtatmega2560.o
                0x00000000                __vector_default
                0x00000000                __vectors
 *(.vectors)
 *(.progmem.gcc*)
 .progmem.gcc_sw_table.PGPIO_PORT_tPtrGetRegister
                0x000000e4       0x16 01 - MCAL/1 - GPIO_DRIVER/GPIO_program.o
 .progmem.gcc_sw_table.MEXTI_voidEnable
                0x000000fa       0x10 01 - MCAL/3 - EXTI_DRIVER/EXTI_program.o
                0x0000010a                . = ALIGN (0x2)
                0x0000010a                __trampolines_start = .
 *(.trampolines)
 .trampolines   0x0000010a        0x0 linker stubs
 *(.trampolines*)
                0x0000010a                __trampolines_end = .
 *libprintf_flt.a:*(.progmem.data)
 *libc.a:*(.progmem.data)
 *(.progmem*)
                0x0000010a                . = ALIGN (0x2)
 *(.jumptables)
 *(.jumptables*)
 *(.lowtext)
 *(.lowtext*)
                0x0000010a                __ctors_start = .
 *(.ctors)
                0x0000010a                __ctors_end = .
                0x0000010a                __dtors_start = .
 *(.dtors)
                0x0000010a                __dtors_end = .
 SORT(*)(.ctors)
 SORT(*)(.dtors)
 *(.init0)
 .init0         0x0000010a        0x0 C:/Program Files (x86)/Atmel/Studio/7.0/Packs/atmel/ATmega_DFP/1.7.374/gcc/dev/atmega2560/avr6/crtatmega2560.o
                0x0000010a                __init
 *(.init0)
 *(.init1)
 *(.init1)
 *(.init2)
 .init2         0x0000010a       0x10 C:/Program Files (x86)/Atmel/Studio/7.0/Packs/atmel/ATmega_DFP/1.7.374/gcc/dev/atmega2560/avr6/crtatmega2560.o
 *(.init2)
 *(.init3)
 *(.init3)
 *(.init4)
 .init4         0x0000011a       0x1a c:/program files (x86)/atmel/studio/7.0/toolchain/avr8/avr8-gnu-toolchain/bin/../lib/gcc/avr/5.4.0/avr6\libgcc.a(_copy_data.o)
                0x0000011a                __do_copy_data
 .init4         0x00000134       0x10 c:/program files (x86)/atmel/studio/7.0/toolchain/avr8/avr8-gnu-toolchain/bin/../lib/gcc/avr/5.4.0/avr6\libgcc.a(_clear_bss.o)
                0x00000134                __do_clear_bss
 *(.init4)
 *(.init5)
 *(.init5)
 *(.init6)
 *(.init6)
 *(.init7)
 *(.init7)
 *(.init8)
 *(.init8)
 *(.init9)
 .init9         0x00000144        0x4 C:/Program Files (x86)/Atmel/Studio/7.0/Packs/atmel/ATmega_DFP/1.7.374/gcc/dev/atmega2560/avr6/crtatmega2560.o
 *(.init9)
 *(.text)
 .text          0x00000148        0x2 C:/Program Files (x86)/Atmel/Studio/7.0/Packs/atmel/ATmega_DFP/1.7.374/gcc/dev/atmega2560/avr6/crtatmega2560.o
                0x00000148                __vector_38
                0x00000148                __vector_22
                0x00000148                __vector_28
                0x00000148                __vector_32
                0x00000148                __vector_34
                0x00000148                __vector_24
                0x00000148                __vector_12
                0x00000148                __vector_55
                0x00000148                __vector_46
                0x00000148                __bad_interrupt
                0x00000148                __vector_31
                0x00000148                __vector_35
                0x00000148                __vector_39
                0x00000148                __vector_23
                0x00000148                __vector_30
                0x00000148                __vector_45
                0x00000148                __vector_54
                0x00000148                __vector_13
                0x00000148                __vector_17
                0x00000148                __vector_19
                0x00000148                __vector_56
                0x00000148                __vector_49
                0x00000148                __vector_41
                0x00000148                __vector_43
                0x00000148                __vector_27
                0x00000148                __vector_33
                0x00000148                __vector_47
                0x00000148                __vector_52
                0x00000148                __vector_37
                0x00000148                __vector_44
                0x00000148                __vector_51
                0x00000148                __vector_21
                0x00000148                __vector_15
                0x00000148                __vector_36
                0x00000148                __vector_29
                0x00000148                __vector_40
                0x00000148                __vector_26
                0x00000148                __vector_48
                0x00000148                __vector_14
                0x00000148                __vector_53
                0x00000148                __vector_50
                0x00000148                __vector_16
                0x00000148                __vector_18
                0x00000148                __vector_20
                0x00000148                __vector_42
                0x0000014a                . = ALIGN (0x2)
 *(.text.*)
 .text.PGPIO_PORT_tPtrGetRegister
                0x0000014a       0x5c 01 - MCAL/1 - GPIO_DRIVER/GPIO_program.o
                0x0000014a                PGPIO_PORT_tPtrGetRegister
 .text.MGPIO_VoidSetPortDirection
                0x000001a6       0x30 01 - MCAL/1 - GPIO_DRIVER/GPIO_program.o
                0x000001a6                MGPIO_VoidSetPortDirection
 .text.MGPIO_VoidSetPinDirection
                0x000001d6       0x72 01 - MCAL/1 - GPIO_DRIVER/GPIO_program.o
                0x000001d6                MGPIO_VoidSetPinDirection
 .text.MGPIO_VoidSetPortValue
                0x00000248       0x12 01 - MCAL/1 - GPIO_DRIVER/GPIO_program.o
                0x00000248                MGPIO_VoidSetPortValue
 .text.MGPIO_VoidSetPinValue
                0x0000025a       0x4e 01 - MCAL/1 - GPIO_DRIVER/GPIO_program.o
                0x0000025a                MGPIO_VoidSetPinValue
 .text.GIE_voidEnable
                0x000002a8        0x8 01 - MCAL/2 - GIE_DRIVER/GIE_program.o
                0x000002a8                GIE_voidEnable
 .text.MEXTI_voidSetCallback
                0x000002b0       0x12 01 - MCAL/3 - EXTI_DRIVER/EXTI_program.o
                0x000002b0                MEXTI_voidSetCallback
 .text.MEXTI_voidEnable
                0x000002c2       0xc2 01 - MCAL/3 - EXTI_DRIVER/EXTI_program.o
                0x000002c2                MEXTI_voidEnable
 .text.__vector_1
                0x00000384       0x5a 01 - MCAL/3 - EXTI_DRIVER/EXTI_program.o
                0x00000384                __vector_1
 .text.__vector_2
                0x000003de       0x5a 01 - MCAL/3 - EXTI_DRIVER/EXTI_program.o
                0x000003de                __vector_2
 .text.__vector_3
                0x00000438       0x5a 01 - MCAL/3 - EXTI_DRIVER/EXTI_program.o
                0x00000438                __vector_3
 .text.__vector_4
                0x00000492       0x5a 01 - MCAL/3 - EXTI_DRIVER/EXTI_program.o
                0x00000492                __vector_4
 .text.__vector_5
                0x000004ec       0x5a 01 - MCAL/3 - EXTI_DRIVER/EXTI_program.o
                0x000004ec                __vector_5
 .text.__vector_6
                0x00000546       0x5a 01 - MCAL/3 - EXTI_DRIVER/EXTI_program.o
                0x00000546                __vector_6
 .text.__vector_7
                0x000005a0       0x5a 01 - MCAL/3 - EXTI_DRIVER/EXTI_program.o
                0x000005a0                __vector_7
 .text.__vector_8
                0x000005fa       0x5a 01 - MCAL/3 - EXTI_DRIVER/EXTI_program.o
                0x000005fa                __vector_8
 .text.__vector_9
                0x00000654       0x56 01 - MCAL/3 - EXTI_DRIVER/EXTI_program.o
                0x00000654                __vector_9
 .text.__vector_10
                0x000006aa       0x56 01 - MCAL/3 - EXTI_DRIVER/EXTI_program.o
                0x000006aa                __vector_10
 .text.__vector_11
                0x00000700       0x56 01 - MCAL/3 - EXTI_DRIVER/EXTI_program.o
                0x00000700                __vector_11
 .text.UART_Init
                0x00000756       0x78 01 - MCAL/4 - UART_DRIVER/UART_program.o
                0x00000756                UART_Init
 .text.UART_SendByte
                0x000007ce       0x46 01 - MCAL/4 - UART_DRIVER/UART_program.o
                0x000007ce                UART_SendByte
 .text.UART_ReceiveByte
                0x00000814       0x4a 01 - MCAL/4 - UART_DRIVER/UART_program.o
                0x00000814                UART_ReceiveByte
 .text.MUART_voidSetCallback
                0x0000085e       0x12 01 - MCAL/4 - UART_DRIVER/UART_program.o
                0x0000085e                MUART_voidSetCallback
 .text.__vector_25
                0x00000870       0x5a 01 - MCAL/4 - UART_DRIVER/UART_program.o
                0x00000870                __vector_25
 .text.HLED_Void_AttachLED
                0x000008ca       0x18 02 - HAL/1 - LED_DRIVER/LED_program.o
                0x000008ca                HLED_Void_AttachLED
 .text.H7SEG_Void_Setup7SEG
                0x000008e2        0x8 02 - HAL/2 - SEVEN_SEG_DRIVER/7SEG_program.o
                0x000008e2                H7SEG_Void_Setup7SEG
 .text.H7SEG_Void_7SEGState
                0x000008ea        0x8 02 - HAL/2 - SEVEN_SEG_DRIVER/7SEG_program.o
                0x000008ea                H7SEG_Void_7SEGState
 .text.HSwitch_Void_AttachSwitch
                0x000008f2       0x34 02 - HAL/3 - SWITCH_DRIVER/SWITCH_program.o
                0x000008f2                HSwitch_Void_AttachSwitch
 .text.SW_EMERGENCY_Function
                0x00000926        0x8 03 - APP/main.o
                0x00000926                SW_EMERGENCY_Function
 .text.SW_GND_Function
                0x0000092e        0x8 03 - APP/main.o
                0x0000092e                SW_GND_Function
 .text.SW_L1_Function
                0x00000936        0x8 03 - APP/main.o
                0x00000936                SW_L1_Function
 .text.SW_L2_Function
                0x0000093e        0x8 03 - APP/main.o
                0x0000093e                SW_L2_Function
 .text.SW_L3_Function
                0x00000946        0x8 03 - APP/main.o
                0x00000946                SW_L3_Function
 .text.SW_L4_Function
                0x0000094e        0x8 03 - APP/main.o
                0x0000094e                SW_L4_Function
 .text.UART0_FUNCTION
                0x00000956       0x12 03 - APP/main.o
                0x00000956                UART0_FUNCTION
 .text.main     0x00000968       0x4e 03 - APP/main.o
                0x00000968                main
 .text.libgcc   0x000009b6       0x10 c:/program files (x86)/atmel/studio/7.0/toolchain/avr8/avr8-gnu-toolchain/bin/../lib/gcc/avr/5.4.0/avr6\libgcc.a(_tablejump2.o)
                0x000009b6                __tablejump2__
                0x000009c6                . = ALIGN (0x2)
 *(.fini9)
 .fini9         0x000009c6        0x0 c:/program files (x86)/atmel/studio/7.0/toolchain/avr8/avr8-gnu-toolchain/bin/../lib/gcc/avr/5.4.0/avr6\libgcc.a(_exit.o)
                0x000009c6                _exit
                0x000009c6                exit
 *(.fini9)
 *(.fini8)
 *(.fini8)
 *(.fini7)
 *(.fini7)
 *(.fini6)
 *(.fini6)
 *(.fini5)
 *(.fini5)
 *(.fini4)
 *(.fini4)
 *(.fini3)
 *(.fini3)
 *(.fini2)
 *(.fini2)
 *(.fini1)
 *(.fini1)
 *(.fini0)
 .fini0         0x000009c6        0x4 c:/program files (x86)/atmel/studio/7.0/toolchain/avr8/avr8-gnu-toolchain/bin/../lib/gcc/avr/5.4.0/avr6\libgcc.a(_exit.o)
 *(.fini0)
                0x000009ca                _etext = .

.data           0x00800200        0x6 load address 0x000009ca
                0x00800200                PROVIDE (__data_start, .)
 *(.data)
 *(.data*)
 .data.SevenSEG_VALUE
                0x00800200        0x5 02 - HAL/2 - SEVEN_SEG_DRIVER/7SEG_program.o
                0x00800200                SevenSEG_VALUE
 *(.gnu.linkonce.d*)
 *(.rodata)
 *(.rodata*)
 *(.gnu.linkonce.r*)
                0x00800206                . = ALIGN (0x2)
 *fill*         0x00800205        0x1 
                0x00800206                _edata = .
                0x00800206                PROVIDE (__data_end, .)

.bss            0x00800206       0x26
                0x00800206                PROVIDE (__bss_start, .)
 *(.bss)
 *(.bss*)
 .bss.Global_CallbackPCINT
                0x00800206        0x6 01 - MCAL/3 - EXTI_DRIVER/EXTI_program.o
                0x00800206                Global_CallbackPCINT
 .bss.Global_Callback
                0x0080020c       0x10 01 - MCAL/3 - EXTI_DRIVER/EXTI_program.o
                0x0080020c                Global_Callback
 .bss.UART_Global_Callback
                0x0080021c       0x10 01 - MCAL/4 - UART_DRIVER/UART_program.o
                0x0080021c                UART_Global_Callback
 *(COMMON)
                0x0080022c                PROVIDE (__bss_end, .)
                0x000009ca                __data_load_start = LOADADDR (.data)
                0x000009d0                __data_load_end = (__data_load_start + SIZEOF (.data))

.noinit         0x0080022c        0x0
                [!provide]                PROVIDE (__noinit_start, .)
 *(.noinit*)
                [!provide]                PROVIDE (__noinit_end, .)
                0x0080022c                _end = .
                [!provide]                PROVIDE (__heap_start, .)

.eeprom         0x00810000        0x0
 *(.eeprom*)
                0x00810000                __eeprom_end = .

.fuse
 *(.fuse)
 *(.lfuse)
 *(.hfuse)
 *(.efuse)

.lock
 *(.lock*)

.signature
 *(.signature*)

.user_signatures
 *(.user_signatures*)

.stab
 *(.stab)

.stabstr
 *(.stabstr)

.stab.excl
 *(.stab.excl)

.stab.exclstr
 *(.stab.exclstr)

.stab.index
 *(.stab.index)

.stab.indexstr
 *(.stab.indexstr)

.comment        0x00000000       0x30
 *(.comment)
 .comment       0x00000000       0x30 01 - MCAL/1 - GPIO_DRIVER/GPIO_program.o
                                 0x31 (size before relaxing)
 .comment       0x00000030       0x31 01 - MCAL/2 - GIE_DRIVER/GIE_program.o
 .comment       0x00000030       0x31 01 - MCAL/3 - EXTI_DRIVER/EXTI_program.o
 .comment       0x00000030       0x31 01 - MCAL/4 - UART_DRIVER/UART_program.o
 .comment       0x00000030       0x31 02 - HAL/1 - LED_DRIVER/LED_program.o
 .comment       0x00000030       0x31 02 - HAL/2 - SEVEN_SEG_DRIVER/7SEG_program.o
 .comment       0x00000030       0x31 02 - HAL/3 - SWITCH_DRIVER/SWITCH_program.o
 .comment       0x00000030       0x31 03 - APP/main.o

.note.gnu.avr.deviceinfo
                0x00000000       0x40
 .note.gnu.avr.deviceinfo
                0x00000000       0x40 C:/Program Files (x86)/Atmel/Studio/7.0/Packs/atmel/ATmega_DFP/1.7.374/gcc/dev/atmega2560/avr6/crtatmega2560.o

.note.gnu.build-id
 *(.note.gnu.build-id)

.debug
 *(.debug)

.line
 *(.line)

.debug_srcinfo
 *(.debug_srcinfo)

.debug_sfnames
 *(.debug_sfnames)

.debug_aranges  0x00000000      0x228
 *(.debug_aranges)
 .debug_aranges
                0x00000000       0x58 01 - MCAL/1 - GPIO_DRIVER/GPIO_program.o
 .debug_aranges
                0x00000058       0x28 01 - MCAL/2 - GIE_DRIVER/GIE_program.o
 .debug_aranges
                0x00000080       0xa0 01 - MCAL/3 - EXTI_DRIVER/EXTI_program.o
 .debug_aranges
                0x00000120       0x40 01 - MCAL/4 - UART_DRIVER/UART_program.o
 .debug_aranges
                0x00000160       0x28 02 - HAL/1 - LED_DRIVER/LED_program.o
 .debug_aranges
                0x00000188       0x28 02 - HAL/2 - SEVEN_SEG_DRIVER/7SEG_program.o
 .debug_aranges
                0x000001b0       0x20 02 - HAL/3 - SWITCH_DRIVER/SWITCH_program.o
 .debug_aranges
                0x000001d0       0x58 03 - APP/main.o

.debug_pubnames
 *(.debug_pubnames)

.debug_info     0x00000000     0x2185
 *(.debug_info .gnu.linkonce.wi.*)
 .debug_info    0x00000000      0xbbc C:/Program Files (x86)/Atmel/Studio/7.0/Packs/atmel/ATmega_DFP/1.7.374/gcc/dev/atmega2560/avr6/crtatmega2560.o
 .debug_info    0x00000bbc      0x3ef 01 - MCAL/1 - GPIO_DRIVER/GPIO_program.o
 .debug_info    0x00000fab       0x98 01 - MCAL/2 - GIE_DRIVER/GIE_program.o
 .debug_info    0x00001043      0x3dd 01 - MCAL/3 - EXTI_DRIVER/EXTI_program.o
 .debug_info    0x00001420      0x37b 01 - MCAL/4 - UART_DRIVER/UART_program.o
 .debug_info    0x0000179b      0x1ee 02 - HAL/1 - LED_DRIVER/LED_program.o
 .debug_info    0x00001989      0x193 02 - HAL/2 - SEVEN_SEG_DRIVER/7SEG_program.o
 .debug_info    0x00001b1c      0x20e 02 - HAL/3 - SWITCH_DRIVER/SWITCH_program.o
 .debug_info    0x00001d2a      0x45b 03 - APP/main.o

.debug_abbrev   0x00000000     0x1203
 *(.debug_abbrev)
 .debug_abbrev  0x00000000      0xb1a C:/Program Files (x86)/Atmel/Studio/7.0/Packs/atmel/ATmega_DFP/1.7.374/gcc/dev/atmega2560/avr6/crtatmega2560.o
 .debug_abbrev  0x00000b1a      0x12f 01 - MCAL/1 - GPIO_DRIVER/GPIO_program.o
 .debug_abbrev  0x00000c49       0x46 01 - MCAL/2 - GIE_DRIVER/GIE_program.o
 .debug_abbrev  0x00000c8f      0x100 01 - MCAL/3 - EXTI_DRIVER/EXTI_program.o
 .debug_abbrev  0x00000d8f      0x110 01 - MCAL/4 - UART_DRIVER/UART_program.o
 .debug_abbrev  0x00000e9f       0xd0 02 - HAL/1 - LED_DRIVER/LED_program.o
 .debug_abbrev  0x00000f6f       0xd5 02 - HAL/2 - SEVEN_SEG_DRIVER/7SEG_program.o
 .debug_abbrev  0x00001044       0xaa 02 - HAL/3 - SWITCH_DRIVER/SWITCH_program.o
 .debug_abbrev  0x000010ee      0x115 03 - APP/main.o

.debug_line     0x00000000     0x112b
 *(.debug_line .debug_line.* .debug_line_end)
 .debug_line    0x00000000      0x1fa C:/Program Files (x86)/Atmel/Studio/7.0/Packs/atmel/ATmega_DFP/1.7.374/gcc/dev/atmega2560/avr6/crtatmega2560.o
 .debug_line    0x000001fa      0x291 01 - MCAL/1 - GPIO_DRIVER/GPIO_program.o
 .debug_line    0x0000048b       0xac 01 - MCAL/2 - GIE_DRIVER/GIE_program.o
 .debug_line    0x00000537      0x3fd 01 - MCAL/3 - EXTI_DRIVER/EXTI_program.o
 .debug_line    0x00000934      0x23b 01 - MCAL/4 - UART_DRIVER/UART_program.o
 .debug_line    0x00000b6f      0x118 02 - HAL/1 - LED_DRIVER/LED_program.o
 .debug_line    0x00000c87      0x10c 02 - HAL/2 - SEVEN_SEG_DRIVER/7SEG_program.o
 .debug_line    0x00000d93      0x14d 02 - HAL/3 - SWITCH_DRIVER/SWITCH_program.o
 .debug_line    0x00000ee0      0x24b 03 - APP/main.o

.debug_frame    0x00000000      0x72c
 *(.debug_frame)
 .debug_frame   0x00000000       0xcc 01 - MCAL/1 - GPIO_DRIVER/GPIO_program.o
 .debug_frame   0x000000cc       0x34 01 - MCAL/2 - GIE_DRIVER/GIE_program.o
 .debug_frame   0x00000100      0x448 01 - MCAL/3 - EXTI_DRIVER/EXTI_program.o
 .debug_frame   0x00000548       0xac 01 - MCAL/4 - UART_DRIVER/UART_program.o
 .debug_frame   0x000005f4       0x3c 02 - HAL/1 - LED_DRIVER/LED_program.o
 .debug_frame   0x00000630       0x34 02 - HAL/2 - SEVEN_SEG_DRIVER/7SEG_program.o
 .debug_frame   0x00000664       0x34 02 - HAL/3 - SWITCH_DRIVER/SWITCH_program.o
 .debug_frame   0x00000698       0x94 03 - APP/main.o

.debug_str      0x00000000      0xddc
 *(.debug_str)
 .debug_str     0x00000000      0x3e6 C:/Program Files (x86)/Atmel/Studio/7.0/Packs/atmel/ATmega_DFP/1.7.374/gcc/dev/atmega2560/avr6/crtatmega2560.o
 .debug_str     0x000003e6      0x381 01 - MCAL/1 - GPIO_DRIVER/GPIO_program.o
                                0x3b0 (size before relaxing)
 .debug_str     0x00000767       0x49 01 - MCAL/2 - GIE_DRIVER/GIE_program.o
                                0x1d3 (size before relaxing)
 .debug_str     0x000007b0      0x267 01 - MCAL/3 - EXTI_DRIVER/EXTI_program.o
                                0x4a0 (size before relaxing)
 .debug_str     0x00000a17      0x1ac 01 - MCAL/4 - UART_DRIVER/UART_program.o
                                0x353 (size before relaxing)
 .debug_str     0x00000bc3       0x76 02 - HAL/1 - LED_DRIVER/LED_program.o
                                0x312 (size before relaxing)
 .debug_str     0x00000c39       0x69 02 - HAL/2 - SEVEN_SEG_DRIVER/7SEG_program.o
                                0x2f0 (size before relaxing)
 .debug_str     0x00000ca2       0x7e 02 - HAL/3 - SWITCH_DRIVER/SWITCH_program.o
                                0x362 (size before relaxing)
 .debug_str     0x00000d20       0xbc 03 - APP/main.o
                                0x374 (size before relaxing)

.debug_loc      0x00000000     0x1202
 *(.debug_loc)
 .debug_loc     0x00000000      0x4a3 01 - MCAL/1 - GPIO_DRIVER/GPIO_program.o
 .debug_loc     0x000004a3      0xa07 01 - MCAL/3 - EXTI_DRIVER/EXTI_program.o
 .debug_loc     0x00000eaa      0x1bc 01 - MCAL/4 - UART_DRIVER/UART_program.o
 .debug_loc     0x00001066       0xb1 02 - HAL/1 - LED_DRIVER/LED_program.o
 .debug_loc     0x00001117       0x2c 02 - HAL/2 - SEVEN_SEG_DRIVER/7SEG_program.o
 .debug_loc     0x00001143       0xbf 02 - HAL/3 - SWITCH_DRIVER/SWITCH_program.o

.debug_macinfo
 *(.debug_macinfo)

.debug_weaknames
 *(.debug_weaknames)

.debug_funcnames
 *(.debug_funcnames)

.debug_typenames
 *(.debug_typenames)

.debug_varnames
 *(.debug_varnames)

.debug_pubtypes
 *(.debug_pubtypes)

.debug_ranges   0x00000000      0x1a8
 *(.debug_ranges)
 .debug_ranges  0x00000000       0x48 01 - MCAL/1 - GPIO_DRIVER/GPIO_program.o
 .debug_ranges  0x00000048       0x18 01 - MCAL/2 - GIE_DRIVER/GIE_program.o
 .debug_ranges  0x00000060       0x90 01 - MCAL/3 - EXTI_DRIVER/EXTI_program.o
 .debug_ranges  0x000000f0       0x30 01 - MCAL/4 - UART_DRIVER/UART_program.o
 .debug_ranges  0x00000120       0x18 02 - HAL/1 - LED_DRIVER/LED_program.o
 .debug_ranges  0x00000138       0x18 02 - HAL/2 - SEVEN_SEG_DRIVER/7SEG_program.o
 .debug_ranges  0x00000150       0x10 02 - HAL/3 - SWITCH_DRIVER/SWITCH_program.o
 .debug_ranges  0x00000160       0x48 03 - APP/main.o

.debug_macro
 *(.debug_macro)
OUTPUT(LadderProject_BuildingMCU.elf elf32-avr)
LOAD linker stubs
