Archive member included to satisfy reference by file (symbol)

c:/program files (x86)/atmel/studio/7.0/toolchain/avr8/avr8-gnu-toolchain/bin/../lib/gcc/avr/5.4.0/avr6\libgcc.a(_exit.o)
                              C:/Program Files (x86)/Atmel/Studio/7.0/Packs/atmel/ATmega_DFP/1.7.374/gcc/dev/atmega2560/avr6/crtatmega2560.o (exit)
c:/program files (x86)/atmel/studio/7.0/toolchain/avr8/avr8-gnu-toolchain/bin/../lib/gcc/avr/5.4.0/avr6\libgcc.a(_tablejump2.o)
                              01 - MCAL/1 - GPIO_DRIVER/GPIO_program.o (__tablejump2__)
c:/program files (x86)/atmel/studio/7.0/toolchain/avr8/avr8-gnu-toolchain/bin/../lib/gcc/avr/5.4.0/avr6\libgcc.a(_copy_data.o)
                              03 - APP/main.o (__do_copy_data)
c:/program files (x86)/atmel/studio/7.0/toolchain/avr8/avr8-gnu-toolchain/bin/../lib/gcc/avr/5.4.0/avr6\libgcc.a(_clear_bss.o)
                              01 - MCAL/3 - EXTI_DRIVER/EXTI_program.o (__do_clear_bss)

Discarded input sections

 .data          0x00000000        0x0 C:/Program Files (x86)/Atmel/Studio/7.0/Packs/atmel/ATmega_DFP/1.7.374/gcc/dev/atmega2560/avr6/crtatmega2560.o
 .bss           0x00000000        0x0 C:/Program Files (x86)/Atmel/Studio/7.0/Packs/atmel/ATmega_DFP/1.7.374/gcc/dev/atmega2560/avr6/crtatmega2560.o
 .text          0x00000000        0x0 01 - MCAL/1 - GPIO_DRIVER/GPIO_program.o
 .data          0x00000000        0x0 01 - MCAL/1 - GPIO_DRIVER/GPIO_program.o
 .bss           0x00000000        0x0 01 - MCAL/1 - GPIO_DRIVER/GPIO_program.o
 .text.MGPIO_VoidSetPinDirection
                0x00000000       0x74 01 - MCAL/1 - GPIO_DRIVER/GPIO_program.o
 .text.MGPIO_VoidGetPortValue
                0x00000000       0x12 01 - MCAL/1 - GPIO_DRIVER/GPIO_program.o
 .text.MGPIO_VoidGetPinValue
                0x00000000       0x26 01 - MCAL/1 - GPIO_DRIVER/GPIO_program.o
 .text.MGPIO_VoidTogglePinValue
                0x00000000       0x26 01 - MCAL/1 - GPIO_DRIVER/GPIO_program.o
 .text          0x00000000        0x0 01 - MCAL/2 - GIE_DRIVER/GIE_program.o
 .data          0x00000000        0x0 01 - MCAL/2 - GIE_DRIVER/GIE_program.o
 .bss           0x00000000        0x0 01 - MCAL/2 - GIE_DRIVER/GIE_program.o
 .text.GIE_voidEnable
                0x00000000        0x8 01 - MCAL/2 - GIE_DRIVER/GIE_program.o
 .text.GIE_voidDisable
                0x00000000        0x8 01 - MCAL/2 - GIE_DRIVER/GIE_program.o
 .debug_info    0x00000000       0x98 01 - MCAL/2 - GIE_DRIVER/GIE_program.o
 .debug_abbrev  0x00000000       0x46 01 - MCAL/2 - GIE_DRIVER/GIE_program.o
 .debug_aranges
                0x00000000       0x28 01 - MCAL/2 - GIE_DRIVER/GIE_program.o
 .debug_ranges  0x00000000       0x18 01 - MCAL/2 - GIE_DRIVER/GIE_program.o
 .debug_line    0x00000000       0xac 01 - MCAL/2 - GIE_DRIVER/GIE_program.o
 .debug_str     0x00000000      0x1c6 01 - MCAL/2 - GIE_DRIVER/GIE_program.o
 .comment       0x00000000       0x31 01 - MCAL/2 - GIE_DRIVER/GIE_program.o
 .debug_frame   0x00000000       0x34 01 - MCAL/2 - GIE_DRIVER/GIE_program.o
 .text          0x00000000        0x0 01 - MCAL/3 - EXTI_DRIVER/EXTI_program.o
 .data          0x00000000        0x0 01 - MCAL/3 - EXTI_DRIVER/EXTI_program.o
 .bss           0x00000000        0x0 01 - MCAL/3 - EXTI_DRIVER/EXTI_program.o
 .text.MEXTI_voidSetCallback
                0x00000000       0x12 01 - MCAL/3 - EXTI_DRIVER/EXTI_program.o
 .text.MEXTI_voidEnable
                0x00000000       0xc6 01 - MCAL/3 - EXTI_DRIVER/EXTI_program.o
 .progmem.gcc_sw_table.MEXTI_voidEnable
                0x00000000       0x10 01 - MCAL/3 - EXTI_DRIVER/EXTI_program.o
 .text.MEXTI_voidDisable
                0x00000000       0x18 01 - MCAL/3 - EXTI_DRIVER/EXTI_program.o
 .text.MEXTI_voidEnablePCINT
                0x00000000       0x72 01 - MCAL/3 - EXTI_DRIVER/EXTI_program.o
 .text.MEXTI_voidDisablePCINT
                0x00000000       0x74 01 - MCAL/3 - EXTI_DRIVER/EXTI_program.o
 .text.MEXTI_voidSetCallbackPCINT
                0x00000000       0x12 01 - MCAL/3 - EXTI_DRIVER/EXTI_program.o
 .text          0x00000000        0x0 01 - MCAL/4 - UART_DRIVER/UART_program.o
 .data          0x00000000        0x0 01 - MCAL/4 - UART_DRIVER/UART_program.o
 .bss           0x00000000        0x0 01 - MCAL/4 - UART_DRIVER/UART_program.o
 .text.UART_SendByte
                0x00000000       0x3c 01 - MCAL/4 - UART_DRIVER/UART_program.o
 .text.MUART_voidSetCallback
                0x00000000       0x12 01 - MCAL/4 - UART_DRIVER/UART_program.o
 .text          0x00000000        0x0 02 - HAL/1 - LCD_DRIVER/LCD_PROG.o
 .data          0x00000000        0x0 02 - HAL/1 - LCD_DRIVER/LCD_PROG.o
 .bss           0x00000000        0x0 02 - HAL/1 - LCD_DRIVER/LCD_PROG.o
 .text.LCD_Vid_GoToRowCol
                0x00000000       0x14 02 - HAL/1 - LCD_DRIVER/LCD_PROG.o
 .text.LCD_Vid_StoreCustomChar
                0x00000000       0x3e 02 - HAL/1 - LCD_DRIVER/LCD_PROG.o
 .text          0x00000000        0x0 03 - APP/main.o
 .data          0x00000000        0x0 03 - APP/main.o
 .bss           0x00000000        0x0 03 - APP/main.o
 .text          0x00000000        0x0 c:/program files (x86)/atmel/studio/7.0/toolchain/avr8/avr8-gnu-toolchain/bin/../lib/gcc/avr/5.4.0/avr6\libgcc.a(_exit.o)
 .data          0x00000000        0x0 c:/program files (x86)/atmel/studio/7.0/toolchain/avr8/avr8-gnu-toolchain/bin/../lib/gcc/avr/5.4.0/avr6\libgcc.a(_exit.o)
 .bss           0x00000000        0x0 c:/program files (x86)/atmel/studio/7.0/toolchain/avr8/avr8-gnu-toolchain/bin/../lib/gcc/avr/5.4.0/avr6\libgcc.a(_exit.o)
 .text.libgcc.mul
                0x00000000        0x0 c:/program files (x86)/atmel/studio/7.0/toolchain/avr8/avr8-gnu-toolchain/bin/../lib/gcc/avr/5.4.0/avr6\libgcc.a(_exit.o)
 .text.libgcc.div
                0x00000000        0x0 c:/program files (x86)/atmel/studio/7.0/toolchain/avr8/avr8-gnu-toolchain/bin/../lib/gcc/avr/5.4.0/avr6\libgcc.a(_exit.o)
 .text.libgcc   0x00000000        0x0 c:/program files (x86)/atmel/studio/7.0/toolchain/avr8/avr8-gnu-toolchain/bin/../lib/gcc/avr/5.4.0/avr6\libgcc.a(_exit.o)
 .text.libgcc.prologue
                0x00000000        0x0 c:/program files (x86)/atmel/studio/7.0/toolchain/avr8/avr8-gnu-toolchain/bin/../lib/gcc/avr/5.4.0/avr6\libgcc.a(_exit.o)
 .text.libgcc.builtins
                0x00000000        0x0 c:/program files (x86)/atmel/studio/7.0/toolchain/avr8/avr8-gnu-toolchain/bin/../lib/gcc/avr/5.4.0/avr6\libgcc.a(_exit.o)
 .text.libgcc.fmul
                0x00000000        0x0 c:/program files (x86)/atmel/studio/7.0/toolchain/avr8/avr8-gnu-toolchain/bin/../lib/gcc/avr/5.4.0/avr6\libgcc.a(_exit.o)
 .text.libgcc.fixed
                0x00000000        0x0 c:/program files (x86)/atmel/studio/7.0/toolchain/avr8/avr8-gnu-toolchain/bin/../lib/gcc/avr/5.4.0/avr6\libgcc.a(_exit.o)
 .text          0x00000000        0x0 c:/program files (x86)/atmel/studio/7.0/toolchain/avr8/avr8-gnu-toolchain/bin/../lib/gcc/avr/5.4.0/avr6\libgcc.a(_tablejump2.o)
 .data          0x00000000        0x0 c:/program files (x86)/atmel/studio/7.0/toolchain/avr8/avr8-gnu-toolchain/bin/../lib/gcc/avr/5.4.0/avr6\libgcc.a(_tablejump2.o)
 .bss           0x00000000        0x0 c:/program files (x86)/atmel/studio/7.0/toolchain/avr8/avr8-gnu-toolchain/bin/../lib/gcc/avr/5.4.0/avr6\libgcc.a(_tablejump2.o)
 .text.libgcc.mul
                0x00000000        0x0 c:/program files (x86)/atmel/studio/7.0/toolchain/avr8/avr8-gnu-toolchain/bin/../lib/gcc/avr/5.4.0/avr6\libgcc.a(_tablejump2.o)
 .text.libgcc.div
                0x00000000        0x0 c:/program files (x86)/atmel/studio/7.0/toolchain/avr8/avr8-gnu-toolchain/bin/../lib/gcc/avr/5.4.0/avr6\libgcc.a(_tablejump2.o)
 .text.libgcc.prologue
                0x00000000        0x0 c:/program files (x86)/atmel/studio/7.0/toolchain/avr8/avr8-gnu-toolchain/bin/../lib/gcc/avr/5.4.0/avr6\libgcc.a(_tablejump2.o)
 .text.libgcc.builtins
                0x00000000        0x0 c:/program files (x86)/atmel/studio/7.0/toolchain/avr8/avr8-gnu-toolchain/bin/../lib/gcc/avr/5.4.0/avr6\libgcc.a(_tablejump2.o)
 .text.libgcc.fmul
                0x00000000        0x0 c:/program files (x86)/atmel/studio/7.0/toolchain/avr8/avr8-gnu-toolchain/bin/../lib/gcc/avr/5.4.0/avr6\libgcc.a(_tablejump2.o)
 .text.libgcc.fixed
                0x00000000        0x0 c:/program files (x86)/atmel/studio/7.0/toolchain/avr8/avr8-gnu-toolchain/bin/../lib/gcc/avr/5.4.0/avr6\libgcc.a(_tablejump2.o)
 .text          0x00000000        0x0 c:/program files (x86)/atmel/studio/7.0/toolchain/avr8/avr8-gnu-toolchain/bin/../lib/gcc/avr/5.4.0/avr6\libgcc.a(_copy_data.o)
 .data          0x00000000        0x0 c:/program files (x86)/atmel/studio/7.0/toolchain/avr8/avr8-gnu-toolchain/bin/../lib/gcc/avr/5.4.0/avr6\libgcc.a(_copy_data.o)
 .bss           0x00000000        0x0 c:/program files (x86)/atmel/studio/7.0/toolchain/avr8/avr8-gnu-toolchain/bin/../lib/gcc/avr/5.4.0/avr6\libgcc.a(_copy_data.o)
 .text.libgcc.mul
                0x00000000        0x0 c:/program files (x86)/atmel/studio/7.0/toolchain/avr8/avr8-gnu-toolchain/bin/../lib/gcc/avr/5.4.0/avr6\libgcc.a(_copy_data.o)
 .text.libgcc.div
                0x00000000        0x0 c:/program files (x86)/atmel/studio/7.0/toolchain/avr8/avr8-gnu-toolchain/bin/../lib/gcc/avr/5.4.0/avr6\libgcc.a(_copy_data.o)
 .text.libgcc   0x00000000        0x0 c:/program files (x86)/atmel/studio/7.0/toolchain/avr8/avr8-gnu-toolchain/bin/../lib/gcc/avr/5.4.0/avr6\libgcc.a(_copy_data.o)
 .text.libgcc.prologue
                0x00000000        0x0 c:/program files (x86)/atmel/studio/7.0/toolchain/avr8/avr8-gnu-toolchain/bin/../lib/gcc/avr/5.4.0/avr6\libgcc.a(_copy_data.o)
 .text.libgcc.builtins
                0x00000000        0x0 c:/program files (x86)/atmel/studio/7.0/toolchain/avr8/avr8-gnu-toolchain/bin/../lib/gcc/avr/5.4.0/avr6\libgcc.a(_copy_data.o)
 .text.libgcc.fmul
                0x00000000        0x0 c:/program files (x86)/atmel/studio/7.0/toolchain/avr8/avr8-gnu-toolchain/bin/../lib/gcc/avr/5.4.0/avr6\libgcc.a(_copy_data.o)
 .text.libgcc.fixed
                0x00000000        0x0 c:/program files (x86)/atmel/studio/7.0/toolchain/avr8/avr8-gnu-toolchain/bin/../lib/gcc/avr/5.4.0/avr6\libgcc.a(_copy_data.o)
 .text          0x00000000        0x0 c:/program files (x86)/atmel/studio/7.0/toolchain/avr8/avr8-gnu-toolchain/bin/../lib/gcc/avr/5.4.0/avr6\libgcc.a(_clear_bss.o)
 .data          0x00000000        0x0 c:/program files (x86)/atmel/studio/7.0/toolchain/avr8/avr8-gnu-toolchain/bin/../lib/gcc/avr/5.4.0/avr6\libgcc.a(_clear_bss.o)
 .bss           0x00000000        0x0 c:/program files (x86)/atmel/studio/7.0/toolchain/avr8/avr8-gnu-toolchain/bin/../lib/gcc/avr/5.4.0/avr6\libgcc.a(_clear_bss.o)
 .text.libgcc.mul
                0x00000000        0x0 c:/program files (x86)/atmel/studio/7.0/toolchain/avr8/avr8-gnu-toolchain/bin/../lib/gcc/avr/5.4.0/avr6\libgcc.a(_clear_bss.o)
 .text.libgcc.div
                0x00000000        0x0 c:/program files (x86)/atmel/studio/7.0/toolchain/avr8/avr8-gnu-toolchain/bin/../lib/gcc/avr/5.4.0/avr6\libgcc.a(_clear_bss.o)
 .text.libgcc   0x00000000        0x0 c:/program files (x86)/atmel/studio/7.0/toolchain/avr8/avr8-gnu-toolchain/bin/../lib/gcc/avr/5.4.0/avr6\libgcc.a(_clear_bss.o)
 .text.libgcc.prologue
                0x00000000        0x0 c:/program files (x86)/atmel/studio/7.0/toolchain/avr8/avr8-gnu-toolchain/bin/../lib/gcc/avr/5.4.0/avr6\libgcc.a(_clear_bss.o)
 .text.libgcc.builtins
                0x00000000        0x0 c:/program files (x86)/atmel/studio/7.0/toolchain/avr8/avr8-gnu-toolchain/bin/../lib/gcc/avr/5.4.0/avr6\libgcc.a(_clear_bss.o)
 .text.libgcc.fmul
                0x00000000        0x0 c:/program files (x86)/atmel/studio/7.0/toolchain/avr8/avr8-gnu-toolchain/bin/../lib/gcc/avr/5.4.0/avr6\libgcc.a(_clear_bss.o)
 .text.libgcc.fixed
                0x00000000        0x0 c:/program files (x86)/atmel/studio/7.0/toolchain/avr8/avr8-gnu-toolchain/bin/../lib/gcc/avr/5.4.0/avr6\libgcc.a(_clear_bss.o)

Memory Configuration

Name             Origin             Length             Attributes
text             0x00000000         0x00040000         xr
data             0x00800200         0x00002000         rw !x
eeprom           0x00810000         0x00001000         rw !x
fuse             0x00820000         0x00000003         rw !x
lock             0x00830000         0x00000400         rw !x
signature        0x00840000         0x00000400         rw !x
user_signatures  0x00850000         0x00000400         rw !x
*default*        0x00000000         0xffffffff

Linker script and memory map

Address of section .data set to 0x800200
LOAD C:/Program Files (x86)/Atmel/Studio/7.0/Packs/atmel/ATmega_DFP/1.7.374/gcc/dev/atmega2560/avr6/crtatmega2560.o
LOAD 01 - MCAL/1 - GPIO_DRIVER/GPIO_program.o
LOAD 01 - MCAL/2 - GIE_DRIVER/GIE_program.o
LOAD 01 - MCAL/3 - EXTI_DRIVER/EXTI_program.o
LOAD 01 - MCAL/4 - UART_DRIVER/UART_program.o
LOAD 02 - HAL/1 - LCD_DRIVER/LCD_PROG.o
LOAD 03 - APP/main.o
START GROUP
LOAD c:/program files (x86)/atmel/studio/7.0/toolchain/avr8/avr8-gnu-toolchain/bin/../lib/gcc/avr/5.4.0/../../../../avr/lib/avr6\libm.a
END GROUP
START GROUP
LOAD c:/program files (x86)/atmel/studio/7.0/toolchain/avr8/avr8-gnu-toolchain/bin/../lib/gcc/avr/5.4.0/avr6\libgcc.a
LOAD c:/program files (x86)/atmel/studio/7.0/toolchain/avr8/avr8-gnu-toolchain/bin/../lib/gcc/avr/5.4.0/../../../../avr/lib/avr6\libm.a
LOAD c:/program files (x86)/atmel/studio/7.0/toolchain/avr8/avr8-gnu-toolchain/bin/../lib/gcc/avr/5.4.0/../../../../avr/lib/avr6\libc.a
LOAD C:/Program Files (x86)/Atmel/Studio/7.0/Packs/atmel/ATmega_DFP/1.7.374/gcc/dev/atmega2560/avr6\libatmega2560.a
END GROUP
                0x00000000                __TEXT_REGION_ORIGIN__ = DEFINED (__TEXT_REGION_ORIGIN__)?__TEXT_REGION_ORIGIN__:0x0
                [0x00800200]                __DATA_REGION_ORIGIN__ = DEFINED (__DATA_REGION_ORIGIN__)?__DATA_REGION_ORIGIN__:0x800200
                [0x00040000]                __TEXT_REGION_LENGTH__ = DEFINED (__TEXT_REGION_LENGTH__)?__TEXT_REGION_LENGTH__:0x100000
                [0x00002000]                __DATA_REGION_LENGTH__ = DEFINED (__DATA_REGION_LENGTH__)?__DATA_REGION_LENGTH__:0xfe00
                [0x00001000]                __EEPROM_REGION_LENGTH__ = DEFINED (__EEPROM_REGION_LENGTH__)?__EEPROM_REGION_LENGTH__:0x10000
                [0x00000003]                __FUSE_REGION_LENGTH__ = DEFINED (__FUSE_REGION_LENGTH__)?__FUSE_REGION_LENGTH__:0x400
                0x00000400                __LOCK_REGION_LENGTH__ = DEFINED (__LOCK_REGION_LENGTH__)?__LOCK_REGION_LENGTH__:0x400
                0x00000400                __SIGNATURE_REGION_LENGTH__ = DEFINED (__SIGNATURE_REGION_LENGTH__)?__SIGNATURE_REGION_LENGTH__:0x400
                0x00000400                __USER_SIGNATURE_REGION_LENGTH__ = DEFINED (__USER_SIGNATURE_REGION_LENGTH__)?__USER_SIGNATURE_REGION_LENGTH__:0x400

.hash
 *(.hash)

.dynsym
 *(.dynsym)

.dynstr
 *(.dynstr)

.gnu.version
 *(.gnu.version)

.gnu.version_d
 *(.gnu.version_d)

.gnu.version_r
 *(.gnu.version_r)

.rel.init
 *(.rel.init)

.rela.init
 *(.rela.init)

.rel.text
 *(.rel.text)
 *(.rel.text.*)
 *(.rel.gnu.linkonce.t*)

.rela.text
 *(.rela.text)
 *(.rela.text.*)
 *(.rela.gnu.linkonce.t*)

.rel.fini
 *(.rel.fini)

.rela.fini
 *(.rela.fini)

.rel.rodata
 *(.rel.rodata)
 *(.rel.rodata.*)
 *(.rel.gnu.linkonce.r*)

.rela.rodata
 *(.rela.rodata)
 *(.rela.rodata.*)
 *(.rela.gnu.linkonce.r*)

.rel.data
 *(.rel.data)
 *(.rel.data.*)
 *(.rel.gnu.linkonce.d*)

.rela.data
 *(.rela.data)
 *(.rela.data.*)
 *(.rela.gnu.linkonce.d*)

.rel.ctors
 *(.rel.ctors)

.rela.ctors
 *(.rela.ctors)

.rel.dtors
 *(.rel.dtors)

.rela.dtors
 *(.rela.dtors)

.rel.got
 *(.rel.got)

.rela.got
 *(.rela.got)

.rel.bss
 *(.rel.bss)

.rela.bss
 *(.rela.bss)

.rel.plt
 *(.rel.plt)

.rela.plt
 *(.rela.plt)

.text           0x00000000      0x956
 *(.vectors)
 .vectors       0x00000000       0xe4 C:/Program Files (x86)/Atmel/Studio/7.0/Packs/atmel/ATmega_DFP/1.7.374/gcc/dev/atmega2560/avr6/crtatmega2560.o
                0x00000000                __vector_default
                0x00000000                __vectors
 *(.vectors)
 *(.progmem.gcc*)
 .progmem.gcc_sw_table.PGPIO_PORT_tPtrGetRegister
                0x000000e4       0x16 01 - MCAL/1 - GPIO_DRIVER/GPIO_program.o
                0x000000fa                . = ALIGN (0x2)
                0x000000fa                __trampolines_start = .
 *(.trampolines)
 .trampolines   0x000000fa        0x0 linker stubs
 *(.trampolines*)
                0x000000fa                __trampolines_end = .
 *libprintf_flt.a:*(.progmem.data)
 *libc.a:*(.progmem.data)
 *(.progmem*)
                0x000000fa                . = ALIGN (0x2)
 *(.jumptables)
 *(.jumptables*)
 *(.lowtext)
 *(.lowtext*)
                0x000000fa                __ctors_start = .
 *(.ctors)
                0x000000fa                __ctors_end = .
                0x000000fa                __dtors_start = .
 *(.dtors)
                0x000000fa                __dtors_end = .
 SORT(*)(.ctors)
 SORT(*)(.dtors)
 *(.init0)
 .init0         0x000000fa        0x0 C:/Program Files (x86)/Atmel/Studio/7.0/Packs/atmel/ATmega_DFP/1.7.374/gcc/dev/atmega2560/avr6/crtatmega2560.o
                0x000000fa                __init
 *(.init0)
 *(.init1)
 *(.init1)
 *(.init2)
 .init2         0x000000fa       0x10 C:/Program Files (x86)/Atmel/Studio/7.0/Packs/atmel/ATmega_DFP/1.7.374/gcc/dev/atmega2560/avr6/crtatmega2560.o
 *(.init2)
 *(.init3)
 *(.init3)
 *(.init4)
 .init4         0x0000010a       0x1a c:/program files (x86)/atmel/studio/7.0/toolchain/avr8/avr8-gnu-toolchain/bin/../lib/gcc/avr/5.4.0/avr6\libgcc.a(_copy_data.o)
                0x0000010a                __do_copy_data
 .init4         0x00000124       0x10 c:/program files (x86)/atmel/studio/7.0/toolchain/avr8/avr8-gnu-toolchain/bin/../lib/gcc/avr/5.4.0/avr6\libgcc.a(_clear_bss.o)
                0x00000124                __do_clear_bss
 *(.init4)
 *(.init5)
 *(.init5)
 *(.init6)
 *(.init6)
 *(.init7)
 *(.init7)
 *(.init8)
 *(.init8)
 *(.init9)
 .init9         0x00000134        0x4 C:/Program Files (x86)/Atmel/Studio/7.0/Packs/atmel/ATmega_DFP/1.7.374/gcc/dev/atmega2560/avr6/crtatmega2560.o
 *(.init9)
 *(.text)
 .text          0x00000138        0x2 C:/Program Files (x86)/Atmel/Studio/7.0/Packs/atmel/ATmega_DFP/1.7.374/gcc/dev/atmega2560/avr6/crtatmega2560.o
                0x00000138                __vector_38
                0x00000138                __vector_22
                0x00000138                __vector_28
                0x00000138                __vector_32
                0x00000138                __vector_34
                0x00000138                __vector_24
                0x00000138                __vector_12
                0x00000138                __vector_55
                0x00000138                __vector_46
                0x00000138                __bad_interrupt
                0x00000138                __vector_31
                0x00000138                __vector_35
                0x00000138                __vector_39
                0x00000138                __vector_23
                0x00000138                __vector_30
                0x00000138                __vector_45
                0x00000138                __vector_25
                0x00000138                __vector_54
                0x00000138                __vector_13
                0x00000138                __vector_17
                0x00000138                __vector_19
                0x00000138                __vector_56
                0x00000138                __vector_49
                0x00000138                __vector_41
                0x00000138                __vector_43
                0x00000138                __vector_27
                0x00000138                __vector_33
                0x00000138                __vector_47
                0x00000138                __vector_52
                0x00000138                __vector_37
                0x00000138                __vector_44
                0x00000138                __vector_21
                0x00000138                __vector_15
                0x00000138                __vector_36
                0x00000138                __vector_29
                0x00000138                __vector_40
                0x00000138                __vector_26
                0x00000138                __vector_48
                0x00000138                __vector_14
                0x00000138                __vector_53
                0x00000138                __vector_50
                0x00000138                __vector_16
                0x00000138                __vector_18
                0x00000138                __vector_20
                0x00000138                __vector_42
                0x0000013a                . = ALIGN (0x2)
 *(.text.*)
 .text.PGPIO_PORT_tPtrGetRegister
                0x0000013a       0x5c 01 - MCAL/1 - GPIO_DRIVER/GPIO_program.o
                0x0000013a                PGPIO_PORT_tPtrGetRegister
 .text.MGPIO_VoidSetPortDirection
                0x00000196       0x30 01 - MCAL/1 - GPIO_DRIVER/GPIO_program.o
                0x00000196                MGPIO_VoidSetPortDirection
 .text.MGPIO_VoidSetPortValue
                0x000001c6       0x12 01 - MCAL/1 - GPIO_DRIVER/GPIO_program.o
                0x000001c6                MGPIO_VoidSetPortValue
 .text.MGPIO_VoidSetPinValue
                0x000001d8       0x4e 01 - MCAL/1 - GPIO_DRIVER/GPIO_program.o
                0x000001d8                MGPIO_VoidSetPinValue
 .text.__vector_1
                0x00000226       0x5a 01 - MCAL/3 - EXTI_DRIVER/EXTI_program.o
                0x00000226                __vector_1
 .text.__vector_2
                0x00000280       0x5a 01 - MCAL/3 - EXTI_DRIVER/EXTI_program.o
                0x00000280                __vector_2
 .text.__vector_3
                0x000002da       0x5a 01 - MCAL/3 - EXTI_DRIVER/EXTI_program.o
                0x000002da                __vector_3
 .text.__vector_4
                0x00000334       0x5a 01 - MCAL/3 - EXTI_DRIVER/EXTI_program.o
                0x00000334                __vector_4
 .text.__vector_5
                0x0000038e       0x5a 01 - MCAL/3 - EXTI_DRIVER/EXTI_program.o
                0x0000038e                __vector_5
 .text.__vector_6
                0x000003e8       0x5a 01 - MCAL/3 - EXTI_DRIVER/EXTI_program.o
                0x000003e8                __vector_6
 .text.__vector_7
                0x00000442       0x5a 01 - MCAL/3 - EXTI_DRIVER/EXTI_program.o
                0x00000442                __vector_7
 .text.__vector_8
                0x0000049c       0x5a 01 - MCAL/3 - EXTI_DRIVER/EXTI_program.o
                0x0000049c                __vector_8
 .text.__vector_9
                0x000004f6       0x56 01 - MCAL/3 - EXTI_DRIVER/EXTI_program.o
                0x000004f6                __vector_9
 .text.__vector_10
                0x0000054c       0x56 01 - MCAL/3 - EXTI_DRIVER/EXTI_program.o
                0x0000054c                __vector_10
 .text.__vector_11
                0x000005a2       0x56 01 - MCAL/3 - EXTI_DRIVER/EXTI_program.o
                0x000005a2                __vector_11
 .text.UART_Init
                0x000005f8       0x78 01 - MCAL/4 - UART_DRIVER/UART_program.o
                0x000005f8                UART_Init
 .text.UART_ReceiveByte
                0x00000670       0x40 01 - MCAL/4 - UART_DRIVER/UART_program.o
                0x00000670                UART_ReceiveByte
 .text.__vector_51
                0x000006b0       0x5a 01 - MCAL/4 - UART_DRIVER/UART_program.o
                0x000006b0                __vector_51
 .text.LCD_Vid_SendCommand
                0x0000070a       0x5e 02 - HAL/1 - LCD_DRIVER/LCD_PROG.o
                0x0000070a                LCD_Vid_SendCommand
 .text.LCD_Vid_8BitInit
                0x00000768       0x54 02 - HAL/1 - LCD_DRIVER/LCD_PROG.o
                0x00000768                LCD_Vid_8BitInit
 .text.LCD_Vid_SendChar
                0x000007bc       0x5e 02 - HAL/1 - LCD_DRIVER/LCD_PROG.o
                0x000007bc                LCD_Vid_SendChar
 .text.LCD_Vid_SendString
                0x0000081a       0x74 02 - HAL/1 - LCD_DRIVER/LCD_PROG.o
                0x0000081a                LCD_Vid_SendString
 .text.LCD_Vid_ClearScreen
                0x0000088e        0x6 02 - HAL/1 - LCD_DRIVER/LCD_PROG.o
                0x0000088e                LCD_Vid_ClearScreen
 .text.main     0x00000894       0xae 03 - APP/main.o
                0x00000894                main
 .text.libgcc   0x00000942       0x10 c:/program files (x86)/atmel/studio/7.0/toolchain/avr8/avr8-gnu-toolchain/bin/../lib/gcc/avr/5.4.0/avr6\libgcc.a(_tablejump2.o)
                0x00000942                __tablejump2__
                0x00000952                . = ALIGN (0x2)
 *(.fini9)
 .fini9         0x00000952        0x0 c:/program files (x86)/atmel/studio/7.0/toolchain/avr8/avr8-gnu-toolchain/bin/../lib/gcc/avr/5.4.0/avr6\libgcc.a(_exit.o)
                0x00000952                _exit
                0x00000952                exit
 *(.fini9)
 *(.fini8)
 *(.fini8)
 *(.fini7)
 *(.fini7)
 *(.fini6)
 *(.fini6)
 *(.fini5)
 *(.fini5)
 *(.fini4)
 *(.fini4)
 *(.fini3)
 *(.fini3)
 *(.fini2)
 *(.fini2)
 *(.fini1)
 *(.fini1)
 *(.fini0)
 .fini0         0x00000952        0x4 c:/program files (x86)/atmel/studio/7.0/toolchain/avr8/avr8-gnu-toolchain/bin/../lib/gcc/avr/5.4.0/avr6\libgcc.a(_exit.o)
 *(.fini0)
                0x00000956                _etext = .

.data           0x00800200       0x5a load address 0x00000956
                0x00800200                PROVIDE (__data_start, .)
 *(.data)
 *(.data*)
 *(.gnu.linkonce.d*)
 *(.rodata)
 *(.rodata*)
 .rodata.str1.1
                0x00800200       0x5a 03 - APP/main.o
 *(.gnu.linkonce.r*)
                0x0080025a                . = ALIGN (0x2)
                0x0080025a                _edata = .
                0x0080025a                PROVIDE (__data_end, .)

.bss            0x0080025a       0x26
                0x0080025a                PROVIDE (__bss_start, .)
 *(.bss)
 *(.bss*)
 .bss.Global_CallbackPCINT
                0x0080025a        0x6 01 - MCAL/3 - EXTI_DRIVER/EXTI_program.o
                0x0080025a                Global_CallbackPCINT
 .bss.Global_Callback
                0x00800260       0x10 01 - MCAL/3 - EXTI_DRIVER/EXTI_program.o
                0x00800260                Global_Callback
 .bss.UART_Global_Callback
                0x00800270       0x10 01 - MCAL/4 - UART_DRIVER/UART_program.o
                0x00800270                UART_Global_Callback
 *(COMMON)
                0x00800280                PROVIDE (__bss_end, .)
                0x00000956                __data_load_start = LOADADDR (.data)
                0x000009b0                __data_load_end = (__data_load_start + SIZEOF (.data))

.noinit         0x00800280        0x0
                [!provide]                PROVIDE (__noinit_start, .)
 *(.noinit*)
                [!provide]                PROVIDE (__noinit_end, .)
                0x00800280                _end = .
                [!provide]                PROVIDE (__heap_start, .)

.eeprom         0x00810000        0x0
 *(.eeprom*)
                0x00810000                __eeprom_end = .

.fuse
 *(.fuse)
 *(.lfuse)
 *(.hfuse)
 *(.efuse)

.lock
 *(.lock*)

.signature
 *(.signature*)

.user_signatures
 *(.user_signatures*)

.stab
 *(.stab)

.stabstr
 *(.stabstr)

.stab.excl
 *(.stab.excl)

.stab.exclstr
 *(.stab.exclstr)

.stab.index
 *(.stab.index)

.stab.indexstr
 *(.stab.indexstr)

.comment        0x00000000       0x30
 *(.comment)
 .comment       0x00000000       0x30 01 - MCAL/1 - GPIO_DRIVER/GPIO_program.o
                                 0x31 (size before relaxing)
 .comment       0x00000030       0x31 01 - MCAL/3 - EXTI_DRIVER/EXTI_program.o
 .comment       0x00000030       0x31 01 - MCAL/4 - UART_DRIVER/UART_program.o
 .comment       0x00000030       0x31 02 - HAL/1 - LCD_DRIVER/LCD_PROG.o
 .comment       0x00000030       0x31 03 - APP/main.o

.note.gnu.avr.deviceinfo
                0x00000000       0x40
 .note.gnu.avr.deviceinfo
                0x00000000       0x40 C:/Program Files (x86)/Atmel/Studio/7.0/Packs/atmel/ATmega_DFP/1.7.374/gcc/dev/atmega2560/avr6/crtatmega2560.o

.note.gnu.build-id
 *(.note.gnu.build-id)

.debug
 *(.debug)

.line
 *(.line)

.debug_srcinfo
 *(.debug_srcinfo)

.debug_sfnames
 *(.debug_sfnames)

.debug_aranges  0x00000000      0x1a8
 *(.debug_aranges)
 .debug_aranges
                0x00000000       0x58 01 - MCAL/1 - GPIO_DRIVER/GPIO_program.o
 .debug_aranges
                0x00000058       0xa0 01 - MCAL/3 - EXTI_DRIVER/EXTI_program.o
 .debug_aranges
                0x000000f8       0x40 01 - MCAL/4 - UART_DRIVER/UART_program.o
 .debug_aranges
                0x00000138       0x50 02 - HAL/1 - LCD_DRIVER/LCD_PROG.o
 .debug_aranges
                0x00000188       0x20 03 - APP/main.o

.debug_pubnames
 *(.debug_pubnames)

.debug_info     0x00000000     0x2304
 *(.debug_info .gnu.linkonce.wi.*)
 .debug_info    0x00000000      0xbbc C:/Program Files (x86)/Atmel/Studio/7.0/Packs/atmel/ATmega_DFP/1.7.374/gcc/dev/atmega2560/avr6/crtatmega2560.o
 .debug_info    0x00000bbc      0x3ef 01 - MCAL/1 - GPIO_DRIVER/GPIO_program.o
 .debug_info    0x00000fab      0x3dd 01 - MCAL/3 - EXTI_DRIVER/EXTI_program.o
 .debug_info    0x00001388      0x37b 01 - MCAL/4 - UART_DRIVER/UART_program.o
 .debug_info    0x00001703      0x81f 02 - HAL/1 - LCD_DRIVER/LCD_PROG.o
 .debug_info    0x00001f22      0x3e2 03 - APP/main.o

.debug_abbrev   0x00000000     0x1115
 *(.debug_abbrev)
 .debug_abbrev  0x00000000      0xb1a C:/Program Files (x86)/Atmel/Studio/7.0/Packs/atmel/ATmega_DFP/1.7.374/gcc/dev/atmega2560/avr6/crtatmega2560.o
 .debug_abbrev  0x00000b1a      0x12f 01 - MCAL/1 - GPIO_DRIVER/GPIO_program.o
 .debug_abbrev  0x00000c49      0x100 01 - MCAL/3 - EXTI_DRIVER/EXTI_program.o
 .debug_abbrev  0x00000d49      0x110 01 - MCAL/4 - UART_DRIVER/UART_program.o
 .debug_abbrev  0x00000e59      0x194 02 - HAL/1 - LCD_DRIVER/LCD_PROG.o
 .debug_abbrev  0x00000fed      0x128 03 - APP/main.o

.debug_line     0x00000000     0x10f5
 *(.debug_line .debug_line.* .debug_line_end)
 .debug_line    0x00000000      0x1fa C:/Program Files (x86)/Atmel/Studio/7.0/Packs/atmel/ATmega_DFP/1.7.374/gcc/dev/atmega2560/avr6/crtatmega2560.o
 .debug_line    0x000001fa      0x291 01 - MCAL/1 - GPIO_DRIVER/GPIO_program.o
 .debug_line    0x0000048b      0x3fd 01 - MCAL/3 - EXTI_DRIVER/EXTI_program.o
 .debug_line    0x00000888      0x227 01 - MCAL/4 - UART_DRIVER/UART_program.o
 .debug_line    0x00000aaf      0x3bc 02 - HAL/1 - LCD_DRIVER/LCD_PROG.o
 .debug_line    0x00000e6b      0x28a 03 - APP/main.o

.debug_frame    0x00000000      0x6b4
 *(.debug_frame)
 .debug_frame   0x00000000       0xcc 01 - MCAL/1 - GPIO_DRIVER/GPIO_program.o
 .debug_frame   0x000000cc      0x448 01 - MCAL/3 - EXTI_DRIVER/EXTI_program.o
 .debug_frame   0x00000514       0xac 01 - MCAL/4 - UART_DRIVER/UART_program.o
 .debug_frame   0x000005c0       0xd0 02 - HAL/1 - LCD_DRIVER/LCD_PROG.o
 .debug_frame   0x00000690       0x24 03 - APP/main.o

.debug_str      0x00000000      0xd4e
 *(.debug_str)
 .debug_str     0x00000000      0x3e6 C:/Program Files (x86)/Atmel/Studio/7.0/Packs/atmel/ATmega_DFP/1.7.374/gcc/dev/atmega2560/avr6/crtatmega2560.o
 .debug_str     0x000003e6      0x374 01 - MCAL/1 - GPIO_DRIVER/GPIO_program.o
                                0x3a3 (size before relaxing)
 .debug_str     0x0000075a      0x276 01 - MCAL/3 - EXTI_DRIVER/EXTI_program.o
                                0x493 (size before relaxing)
 .debug_str     0x000009d0      0x1ac 01 - MCAL/4 - UART_DRIVER/UART_program.o
                                0x346 (size before relaxing)
 .debug_str     0x00000b7c      0x1ac 02 - HAL/1 - LCD_DRIVER/LCD_PROG.o
                                0x460 (size before relaxing)
 .debug_str     0x00000d28       0x26 03 - APP/main.o
                                0x36a (size before relaxing)

.debug_loc      0x00000000     0x1831
 *(.debug_loc)
 .debug_loc     0x00000000      0x4a3 01 - MCAL/1 - GPIO_DRIVER/GPIO_program.o
 .debug_loc     0x000004a3      0xa07 01 - MCAL/3 - EXTI_DRIVER/EXTI_program.o
 .debug_loc     0x00000eaa      0x1bc 01 - MCAL/4 - UART_DRIVER/UART_program.o
 .debug_loc     0x00001066      0x73b 02 - HAL/1 - LCD_DRIVER/LCD_PROG.o
 .debug_loc     0x000017a1       0x90 03 - APP/main.o

.debug_macinfo
 *(.debug_macinfo)

.debug_weaknames
 *(.debug_weaknames)

.debug_funcnames
 *(.debug_funcnames)

.debug_typenames
 *(.debug_typenames)

.debug_varnames
 *(.debug_varnames)

.debug_pubtypes
 *(.debug_pubtypes)

.debug_ranges   0x00000000      0x158
 *(.debug_ranges)
 .debug_ranges  0x00000000       0x48 01 - MCAL/1 - GPIO_DRIVER/GPIO_program.o
 .debug_ranges  0x00000048       0x90 01 - MCAL/3 - EXTI_DRIVER/EXTI_program.o
 .debug_ranges  0x000000d8       0x30 01 - MCAL/4 - UART_DRIVER/UART_program.o
 .debug_ranges  0x00000108       0x40 02 - HAL/1 - LCD_DRIVER/LCD_PROG.o
 .debug_ranges  0x00000148       0x10 03 - APP/main.o

.debug_macro
 *(.debug_macro)
OUTPUT(Administration_system_MCU.elf elf32-avr)
LOAD linker stubs
